python : 2026-03-03 11:52:21.681 WARNING streamlit.
runtime.scriptrunner_utils.script_run_context: 
Thread 'MainThread': missing ScriptRunContext! 
This warning can be ignored when running in bare 
mode.
At line:1 char:1
+ python -c "import warnings; 
warnings.simplefilter('ignore'); import a ...
+ ~~~~~~~~~~~~~~~~~~~~~~~~~~~~~~~~~~~~~~~~~~~~~~~~~
~~~~~~~~~~~~~~~~~~~~
    + CategoryInfo          : NotSpecified: (2026- 
   03-03 11:5...g in bare mode.:String) [], Remot  
  eException
    + FullyQualifiedErrorId : NativeCommandError
 
2026-03-03 11:52:21.681 WARNING streamlit.runtime.s
criptrunner_utils.script_run_context: Thread 
'MainThread': missing ScriptRunContext! This 
warning can be ignored when running in bare mode.
2026-03-03 11:52:21.990 WARNING streamlit: 
  [33m[1mWarning:[0m to view a Streamlit app on 
a browser, use Streamlit in a file and
  run it with the following command:

    streamlit run [FILE_NAME] [ARGUMENTS]
2026-03-03 11:52:21.990 WARNING streamlit.runtime.s
criptrunner_utils.script_run_context: Thread 
'MainThread': missing ScriptRunContext! This 
warning can be ignored when running in bare mode.
2026-03-03 11:52:21.990 WARNING streamlit.runtime.s
criptrunner_utils.script_run_context: Thread 
'MainThread': missing ScriptRunContext! This 
warning can be ignored when running in bare mode.
2026-03-03 11:52:21.990 WARNING 
streamlit.runtime.caching.cache_data_api: No 
runtime found, using MemoryCacheStorageManager
2026-03-03 11:52:21.991 WARNING 
streamlit.runtime.caching.cache_data_api: No 
runtime found, using MemoryCacheStorageManager
2026-03-03 11:52:21.991 WARNING 
streamlit.runtime.caching.cache_data_api: No 
runtime found, using MemoryCacheStorageManager
2026-03-03 11:52:21.991 WARNING streamlit.runtime.s
criptrunner_utils.script_run_context: Thread 
'MainThread': missing ScriptRunContext! This 
warning can be ignored when running in bare mode.
2026-03-03 11:52:23 - vnstock.common.data - INFO - 
Not a stock. Company and finance data unavailable.
2026-03-03 11:52:24.649 WARNING 
streamlit.runtime.caching.cache_data_api: No 
runtime found, using MemoryCacheStorageManager
2026-03-03 11:52:24.649 WARNING streamlit.runtime.s
criptrunner_utils.script_run_context: Thread 
'MainThread': missing ScriptRunContext! This 
warning can be ignored when running in bare mode.
                 ACB       BCM       BID  ...       VNM       VPB       VRE
time                                      ...                              
2024-01-19  0.013356  0.014900  0.049459  ...  0.008835  0.010544  0.012739
2024-01-22  0.013729  0.000000 -0.000982  ...  0.004379  0.004942  0.002096
2024-01-23 -0.009751  0.012994 -0.007862  ... -0.008719 -0.004918 -0.006276
2024-01-24 -0.009300  0.000000 -0.010154  ... -0.005920 -0.002746  0.008421
2024-01-25  0.000000 -0.006497 -0.010258  ... -0.005955  0.000000 -0.006263

[5 rows x 24 columns]
